
   PASS  Tests\Feature\Api\V1\Admin\CampaignAdminApiTest
  Γ£ô it lists campaigns as admin                                          3.27s  
  Γ£ô it creates a campaign as admin                                       0.78s  
  Γ£ô it validates required fields when creating a campaign                0.74s  
  Γ£ô it updates a campaign as admin                                       0.73s  
  Γ£ô it deletes a campaign as admin                                       0.72s  
  Γ£ô it denies campaign management to regular users                       0.78s  
  Γ£ô it creates a campaign category                                       0.74s  
  Γ£ô it lists campaign categories                                         0.75s  
  Γ£ô it validates unique slug for campaign categories                     0.65s  

  Tests:    9 passed (26 assertions)
  Duration: 9.71s

